xt8.yang:3: error: UNEXPECTED_KEYWORD_1
xt8.yang:4: error: UNEXPECTED_KEYWORD
xt8.yang:13: error: UNEXPECTED_KEYWORD
xt8.yang:19: error: UNEXPECTED_KEYWORD_1
xt8.yang:20: error: UNEXPECTED_KEYWORD
