augment-super.yang:8: error: DUPLICATE_CHILD_NAME
