g.yang:12: error: NEED_KEY_USES
g.yang:30: error: UNEXPECTED_ARGUMENT
g.yang:34: error: NODE_NOT_FOUND
g.yang:34: error: NODE_NOT_FOUND
g.yang:44: warning: UNUSED_GROUPING
g.yang:47: error: TYPE_VALUE
g.yang:58: error: TYPE_VALUE
g.yang:64: error: TYPE_VALUE
g.yang:68: error: UNEXPECTED_KEYWORD
g.yang:68: error: DUPLICATE_CHILD_NAME
g.yang:74: error: BAD_KEY
