list2.yang:8: error: MANDATORY_NODE_IN_DEFAULT_CASE
list2.yang:12: error: MANDATORY_NODE_IN_DEFAULT_CASE
list2.yang:21: error: MANDATORY_NODE_IN_DEFAULT_CASE
