xt10@2009-02-01.yang:1: warning: WBAD_MODULE_NAME
