xt10@2009-01-01.yang:1: error: BAD_REVISION
xt10@2009-02-01.yang:1: error: BAD_MODULE_NAME
